This is pdfTeX, Version 3.141592653-2.6-1.40.28 (TeX Live 2025/Debian) (preloaded format=pdflatex 2026.8.16)  24 AUG 2026 18:34
entering extended mode
 restricted \write18 enabled.
 file:line:error style messages enabled.
 %&-line parsing enabled.
**"/home/gabriel/Documentos/ESTUDOS/IC Elias/relatorio_final/relatorio.tex"
(/home/gabriel/Documentos/ESTUDOS/IC Elias/relatorio_final/relatorio.tex
LaTeX2e <2025-11-01>
L3 programming layer <2026-01-19>
(/usr/share/texlive/texmf-dist/tex/latex/base/article.cls
Document Class: article 2025/01/22 v1.4n Standard LaTeX document class
(/usr/share/texlive/texmf-dist/tex/latex/base/size12.clo
File: size12.clo 2025/01/22 v1.4n Standard LaTeX file (size option)
)
\c@part=\count275
\c@section=\count276
\c@subsection=\count277
\c@subsubsection=\count278
\c@paragraph=\count279
\c@subparagraph=\count280
\c@figure=\count281
\c@table=\count282
\abovecaptionskip=\skip49
\belowcaptionskip=\skip50
\bibindent=\dimen148
) (/usr/share/texlive/texmf-dist/tex/latex/base/inputenc.sty
Package: inputenc 2024/02/08 v1.3d Input encoding file
\inpenc@prehook=\toks17
\inpenc@posthook=\toks18
) (/usr/share/texlive/texmf-dist/tex/latex/base/fontenc.sty
Package: fontenc 2025/07/18 v2.1d Standard LaTeX package
) (/usr/share/texlive/texmf-dist/tex/latex/microtype/microtype.sty
Package: microtype 2025/07/09 v3.2b Micro-typographical refinements (RS)
 (/usr/share/texlive/texmf-dist/tex/latex/graphics/keyval.sty
Package: keyval 2022/05/29 v1.15 key=value parser (DPC)
\KV@toks@=\toks19
) (/usr/share/texlive/texmf-dist/tex/latex/etoolbox/etoolbox.sty
Package: etoolbox 2025/10/02 v2.5m e-TeX tools for LaTeX (JAW)
\etb@tempcnta=\count283
)
\MT@toks=\toks20
\MT@tempbox=\box53
\MT@count=\count284
LaTeX Info: Redefining \noprotrusionifhmode on input line 1087.
LaTeX Info: Redefining \leftprotrusion on input line 1088.
\MT@prot@toks=\toks21
LaTeX Info: Redefining \rightprotrusion on input line 1107.
LaTeX Info: Redefining \textls on input line 1449.
\MT@outer@kern=\dimen149
LaTeX Info: Redefining \microtypecontext on input line 2053.
LaTeX Info: Redefining \textmicrotypecontext on input line 2070.
\MT@listname@count=\count285
 (/usr/share/texlive/texmf-dist/tex/latex/microtype/microtype-pdftex.def
File: microtype-pdftex.def 2025/07/09 v3.2b Definitions specific to pdftex (RS)
LaTeX Info: Redefining \lsstyle on input line 944.
LaTeX Info: Redefining \lslig on input line 944.
\MT@outer@space=\skip51
)
Package microtype Info: Loading configuration file microtype.cfg.
 (/usr/share/texlive/texmf-dist/tex/latex/microtype/microtype.cfg
File: microtype.cfg 2025/07/09 v3.2b microtype main configuration file (RS)
)
LaTeX Info: Redefining \microtypesetup on input line 3065.
) (/usr/share/texlive/texmf-dist/tex/generic/babel/babel.sty
Package: babel 2026/01/18 v26.1 The multilingual framework for LuaLaTeX, pdfLaTeX and XeLaTeX
\babel@savecnt=\count286
LaTeX Encoding Info:    Redeclaring text command \ij (encoding OT1) on input line 2078.
LaTeX Encoding Info:    Redeclaring text command \IJ (encoding OT1) on input line 2080.
LaTeX Encoding Info:    Redeclaring text command \ij (encoding T1) on input line 2082.
LaTeX Encoding Info:    Redeclaring text command \IJ (encoding T1) on input line 2083.
LaTeX Encoding Info:    Ignoring declaration for text command \ij (encoding ?) on input line 2084.
LaTeX Encoding Info:    Ignoring declaration for text command \IJ (encoding ?) on input line 2086.
LaTeX Encoding Info:    Ignoring declaration for text command \SS (encoding ?) on input line 2111.
\U@D=\dimen150
\l@unhyphenated=\language90
 (/usr/share/texlive/texmf-dist/tex/generic/babel/txtbabel.def)
\bbl@readstream=\read2
\bbl@dirlevel=\count287
 (/usr/share/texlive/texmf-dist/tex/generic/babel/locale/invalid/babel-brazil.tex)

Package babel Warning: Name 'brazil' is deprecated.
(babel)                Use 'brazilian' instead.
(babel)                Reported on input line 4330.

Package babel Info: Importing font and identification data for brazil
(babel)             from babel-pt-BR.ini. Reported on input line 4330.
(/usr/share/texlive/texmf-dist/tex/generic/babel-portuges/brazilian.ldf
Language: portuges 2021/07/09 v1.2t Portuguese support from the babel system
Package babel Info: Hyphen rules for 'brazil' set to \l@portuguese
(babel)             (\language17). Reported on input line 111.
Package babel Info: Making " an active character on input line 143.
)) (/usr/share/texlive/texmf-dist/tex/latex/csquotes/csquotes.sty
Package: csquotes 2024-04-04 v5.2o context-sensitive quotations (JAW)
\csq@reset=\count288
\csq@gtype=\count289
\csq@glevel=\count290
\csq@qlevel=\count291
\csq@maxlvl=\count292
\csq@tshold=\count293
\csq@ltx@everypar=\toks22
 (/usr/share/texlive/texmf-dist/tex/latex/csquotes/csquotes.def
File: csquotes.def 2024-04-04 v5.2o csquotes generic definitions (JAW)
)
Package csquotes Info: Trying to load configuration file 'csquotes.cfg'...
Package csquotes Info: ... configuration file loaded successfully.
 (/usr/share/texlive/texmf-dist/tex/latex/csquotes/csquotes.cfg
File: csquotes.cfg 
)) (/usr/share/texlive/texmf-dist/tex/latex/biblatex/biblatex.sty
Package: biblatex 2025/07/10 v3.21 programmable bibliographies (PK/MW)
 (/usr/share/texlive/texmf-dist/tex/generic/pdftexcmds/pdftexcmds.sty
Package: pdftexcmds 2020-06-27 v0.33 Utility functions of pdfTeX for LuaTeX (HO)
 (/usr/share/texlive/texmf-dist/tex/generic/infwarerr/infwarerr.sty
Package: infwarerr 2019/12/03 v1.5 Providing info/warning/error messages (HO)
) (/usr/share/texlive/texmf-dist/tex/generic/iftex/iftex.sty
Package: iftex 2024/12/12 v1.0g TeX engine tests
) (/usr/share/texlive/texmf-dist/tex/generic/ltxcmds/ltxcmds.sty
Package: ltxcmds 2023-12-04 v1.26 LaTeX kernel commands for general use (HO)
)
Package pdftexcmds Info: \pdf@primitive is available.
Package pdftexcmds Info: \pdf@ifprimitive is available.
Package pdftexcmds Info: \pdfdraftmode found.
) (/usr/share/texlive/texmf-dist/tex/latex/kvoptions/kvoptions.sty
Package: kvoptions 2022-06-15 v3.15 Key value format for package options (HO)
 (/usr/share/texlive/texmf-dist/tex/latex/kvsetkeys/kvsetkeys.sty
Package: kvsetkeys 2022-10-05 v1.19 Key value parser (HO)
)) (/usr/share/texlive/texmf-dist/tex/latex/logreq/logreq.sty
Package: logreq 2010/08/04 v1.0 xml request logger
\lrq@indent=\count294
 (/usr/share/texlive/texmf-dist/tex/latex/logreq/logreq.def
File: logreq.def 2010/08/04 v1.0 logreq spec v1.0
)) (/usr/share/texlive/texmf-dist/tex/latex/base/ifthen.sty
Package: ifthen 2024/03/16 v1.1e Standard LaTeX ifthen package (DPC)
) (/usr/share/texlive/texmf-dist/tex/latex/url/url.sty
\Urlmuskip=\muskip17
Package: url 2013/09/16  ver 3.4  Verb mode for urls, etc.
)
\c@tabx@nest=\count295
\c@listtotal=\count296
\c@listcount=\count297
\c@liststart=\count298
\c@liststop=\count299
\c@citecount=\count300
\c@citetotal=\count301
\c@multicitecount=\count302
\c@multicitetotal=\count303
\c@instcount=\count304
\c@maxnames=\count305
\c@minnames=\count306
\c@maxitems=\count307
\c@minitems=\count308
\c@citecounter=\count309
\c@maxcitecounter=\count310
\c@savedcitecounter=\count311
\c@uniquelist=\count312
\c@uniquename=\count313
\c@refsection=\count314
\c@refsegment=\count315
\c@maxextratitle=\count316
\c@maxextratitleyear=\count317
\c@maxextraname=\count318
\c@maxextradate=\count319
\c@maxextraalpha=\count320
\c@abbrvpenalty=\count321
\c@highnamepenalty=\count322
\c@lownamepenalty=\count323
\c@maxparens=\count324
\c@parenlevel=\count325
\blx@tempcnta=\count326
\blx@tempcntb=\count327
\blx@tempcntc=\count328
\c@blx@maxsection=\count329
\blx@maxsegment@0=\count330
\blx@notetype=\count331
\blx@parenlevel@text=\count332
\blx@parenlevel@foot=\count333
\blx@sectionciteorder@0=\count334
\blx@sectionciteorderinternal@0=\count335
\blx@entrysetcounter=\count336
\blx@biblioinstance=\count337
\labelnumberwidth=\skip52
\labelalphawidth=\skip53
\biblabelsep=\skip54
\bibitemsep=\skip55
\bibnamesep=\skip56
\bibinitsep=\skip57
\bibparsep=\skip58
\bibhang=\skip59
\blx@bcfin=\read3
\blx@bcfout=\write3
\blx@langwohyphens=\language91
\c@mincomprange=\count338
\c@maxcomprange=\count339
\c@mincompwidth=\count340
Package biblatex Info: Trying to load biblatex default data model...
Package biblatex Info: ... file 'blx-dm.def' found.
 (/usr/share/texlive/texmf-dist/tex/latex/biblatex/blx-dm.def
File: blx-dm.def 2025/07/10 v3.21 biblatex datamodel (PK/MW)
)
Package biblatex Info: Trying to load biblatex custom data model...
Package biblatex Info: ... file 'biblatex-dm.cfg' not found.
\c@afterword=\count341
\c@savedafterword=\count342
\c@annotator=\count343
\c@savedannotator=\count344
\c@author=\count345
\c@savedauthor=\count346
\c@bookauthor=\count347
\c@savedbookauthor=\count348
\c@commentator=\count349
\c@savedcommentator=\count350
\c@editor=\count351
\c@savededitor=\count352
\c@editora=\count353
\c@savededitora=\count354
\c@editorb=\count355
\c@savededitorb=\count356
\c@editorc=\count357
\c@savededitorc=\count358
\c@foreword=\count359
\c@savedforeword=\count360
\c@holder=\count361
\c@savedholder=\count362
\c@introduction=\count363
\c@savedintroduction=\count364
\c@namea=\count365
\c@savednamea=\count366
\c@nameb=\count367
\c@savednameb=\count368
\c@namec=\count369
\c@savednamec=\count370
\c@translator=\count371
\c@savedtranslator=\count372
\c@shortauthor=\count373
\c@savedshortauthor=\count374
\c@shorteditor=\count375
\c@savedshorteditor=\count376
\c@labelname=\count377
\c@savedlabelname=\count378
\c@institution=\count379
\c@savedinstitution=\count380
\c@lista=\count381
\c@savedlista=\count382
\c@listb=\count383
\c@savedlistb=\count384
\c@listc=\count385
\c@savedlistc=\count386
\c@listd=\count387
\c@savedlistd=\count388
\c@liste=\count389
\c@savedliste=\count390
\c@listf=\count391
\c@savedlistf=\count392
\c@location=\count393
\c@savedlocation=\count394
\c@organization=\count395
\c@savedorganization=\count396
\c@origlocation=\count397
\c@savedoriglocation=\count398
\c@origpublisher=\count399
\c@savedorigpublisher=\count400
\c@publisher=\count401
\c@savedpublisher=\count402
\c@language=\count403
\c@savedlanguage=\count404
\c@origlanguage=\count405
\c@savedoriglanguage=\count406
\c@pageref=\count407
\c@savedpageref=\count408
\shorthandwidth=\skip60
\shortjournalwidth=\skip61
\shortserieswidth=\skip62
\shorttitlewidth=\skip63
\shortauthorwidth=\skip64
\shorteditorwidth=\skip65
\locallabelnumberwidth=\skip66
\locallabelalphawidth=\skip67
\localshorthandwidth=\skip68
\localshortjournalwidth=\skip69
\localshortserieswidth=\skip70
\localshorttitlewidth=\skip71
\localshortauthorwidth=\skip72
\localshorteditorwidth=\skip73
Package biblatex Info: Trying to load compatibility code...
Package biblatex Info: ... file 'blx-compat.def' found.
 (/usr/share/texlive/texmf-dist/tex/latex/biblatex/blx-compat.def
File: blx-compat.def 2025/07/10 v3.21 biblatex compatibility (PK/MW)
)
Package biblatex Info: Trying to load generic definitions...
Package biblatex Info: ... file 'biblatex.def' found.
 (/usr/share/texlive/texmf-dist/tex/latex/biblatex/biblatex.def
File: biblatex.def 2025/07/10 v3.21 biblatex compatibility (PK/MW)
\c@textcitecount=\count409
\c@textcitetotal=\count410
\c@textcitemaxnames=\count411
\c@biburlbigbreakpenalty=\count412
\c@biburlbreakpenalty=\count413
\c@biburlnumpenalty=\count414
\c@biburlucpenalty=\count415
\c@biburllcpenalty=\count416
\biburlbigskip=\muskip18
\biburlnumskip=\muskip19
\biburlucskip=\muskip20
\biburllcskip=\muskip21
\c@smartand=\count417
)
Package biblatex Info: Trying to load bibliography style 'numeric'...
Package biblatex Info: ... file 'numeric.bbx' found.
 (/usr/share/texlive/texmf-dist/tex/latex/biblatex/bbx/numeric.bbx
File: numeric.bbx 2025/07/10 v3.21 biblatex bibliography style (PK/MW)
Package biblatex Info: Trying to load bibliography style 'standard'...
Package biblatex Info: ... file 'standard.bbx' found.
 (/usr/share/texlive/texmf-dist/tex/latex/biblatex/bbx/standard.bbx
File: standard.bbx 2025/07/10 v3.21 biblatex bibliography style (PK/MW)
\c@bbx:relatedcount=\count418
\c@bbx:relatedtotal=\count419
))
Package biblatex Info: Trying to load citation style 'numeric'...
Package biblatex Info: ... file 'numeric.cbx' found.
 (/usr/share/texlive/texmf-dist/tex/latex/biblatex/cbx/numeric.cbx
File: numeric.cbx 2025/07/10 v3.21 biblatex citation style (PK/MW)
Package biblatex Info: Redefining '\cite'.
Package biblatex Info: Redefining '\parencite'.
Package biblatex Info: Redefining '\footcite'.
Package biblatex Info: Redefining '\footcitetext'.
Package biblatex Info: Redefining '\smartcite'.
Package biblatex Info: Redefining '\supercite'.
Package biblatex Info: Redefining '\textcite'.
Package biblatex Info: Redefining '\textcites'.
Package biblatex Info: Redefining '\cites'.
Package biblatex Info: Redefining '\parencites'.
Package biblatex Info: Redefining '\smartcites'.
)
Package biblatex Info: Trying to load configuration file...
Package biblatex Info: ... file 'biblatex.cfg' found.
 (/usr/share/texlive/texmf-dist/tex/latex/biblatex/biblatex.cfg
File: biblatex.cfg 
)
Package biblatex Info: Input encoding 'utf8' detected.
Package biblatex Info: Document encoding is UTF8 ....
 (/usr/share/texlive/texmf-dist/tex/latex/l3kernel/expl3.sty
Package: expl3 2026-01-19 L3 programming layer (loader) 
 (/usr/share/texlive/texmf-dist/tex/latex/l3backend/l3backend-pdftex.def
File: l3backend-pdftex.def 2025-10-09 L3 backend support: PDF output (pdfTeX)
\l__color_backend_stack_int=\count420
))
Package biblatex Info: ... and expl3
(biblatex)             2026-01-19 L3 programming layer (loader) 
(biblatex)             is new enough (at least 2020/04/06),
(biblatex)             setting 'casechanger=expl3'.
 (/usr/share/texlive/texmf-dist/tex/latex/biblatex/blx-case-expl3.sty (/usr/share/texlive/texmf-dist/tex/latex/l3packages/xparse/xparse.sty
Package: xparse 2025-10-09 L3 Experimental document command parser
)
Package: blx-case-expl3 2025/07/10 v3.21 expl3 case changing code for biblatex
)) (/usr/share/texlive/texmf-dist/tex/latex/tools/bm.sty
Package: bm 2025/10/21 v1.2g Bold Symbol Support (DPC/FMi)
\symboldoperators=\mathgroup4
\symboldletters=\mathgroup5
\symboldsymbols=\mathgroup6
Package bm Info: No bold for \OMX/cmex/m/n, using \pmb.
LaTeX Font Info:    Redeclaring math alphabet \mathbf on input line 149.
) (/usr/share/texlive/texmf-dist/tex/latex/psnfss/times.sty
Package: times 2020/03/25 PSNFSS-v9.3 (SPQR) 
) (/usr/share/texlive/texmf-dist/tex/latex/amsfonts/amsfonts.sty
Package: amsfonts 2013/01/14 v3.01 Basic AMSFonts support
\@emptytoks=\toks23
\symAMSa=\mathgroup7
\symAMSb=\mathgroup8
LaTeX Font Info:    Redeclaring math symbol \hbar on input line 98.
LaTeX Font Info:    Overwriting math alphabet `\mathfrak' in version `bold'
(Font)                  U/euf/m/n --> U/euf/b/n on input line 106.
) (/usr/share/texlive/texmf-dist/tex/latex/amsmath/amsmath.sty
Package: amsmath 2025/07/09 v2.17z AMS math features
\@mathmargin=\skip74

For additional information on amsmath, use the `?' option.
(/usr/share/texlive/texmf-dist/tex/latex/amsmath/amstext.sty
Package: amstext 2024/11/17 v2.01 AMS text
 (/usr/share/texlive/texmf-dist/tex/latex/amsmath/amsgen.sty
File: amsgen.sty 1999/11/30 v2.0 generic functions
\@emptytoks=\toks24
\ex@=\dimen151
)) (/usr/share/texlive/texmf-dist/tex/latex/amsmath/amsbsy.sty
Package: amsbsy 1999/11/29 v1.2d Bold Symbols
LaTeX Info: Redefining \boldsymbol on input line 28.
\pmbraise@=\dimen152
) (/usr/share/texlive/texmf-dist/tex/latex/amsmath/amsopn.sty
Package: amsopn 2022/04/08 v2.04 operator names
)
\inf@bad=\count421
LaTeX Info: Redefining \frac on input line 233.
\uproot@=\count422
\leftroot@=\count423
LaTeX Info: Redefining \overline on input line 398.
LaTeX Info: Redefining \colon on input line 409.
\classnum@=\count424
\DOTSCASE@=\count425
LaTeX Info: Redefining \ldots on input line 495.
LaTeX Info: Redefining \dots on input line 498.
LaTeX Info: Redefining \cdots on input line 619.
\Mathstrutbox@=\box54
\strutbox@=\box55
LaTeX Info: Redefining \big on input line 721.
LaTeX Info: Redefining \Big on input line 722.
LaTeX Info: Redefining \bigg on input line 723.
LaTeX Info: Redefining \Bigg on input line 724.
\big@size=\dimen153
LaTeX Font Info:    Redeclaring font encoding OML on input line 742.
LaTeX Font Info:    Redeclaring font encoding OMS on input line 743.
\macc@depth=\count426
LaTeX Info: Redefining \bmod on input line 904.
LaTeX Info: Redefining \pmod on input line 909.
LaTeX Info: Redefining \smash on input line 939.
LaTeX Info: Redefining \relbar on input line 969.
LaTeX Info: Redefining \Relbar on input line 970.
\c@MaxMatrixCols=\count427
\dotsspace@=\muskip22
\c@parentequation=\count428
\dspbrk@lvl=\count429
\tag@help=\toks25
\row@=\count430
\column@=\count431
\maxfields@=\count432
\andhelp@=\toks26
\eqnshift@=\dimen154
\alignsep@=\dimen155
\tagshift@=\dimen156
\tagwidth@=\dimen157
\totwidth@=\dimen158
\lineht@=\dimen159
\@envbody=\toks27
\multlinegap=\skip75
\multlinetaggap=\skip76
\mathdisplay@stack=\toks28
LaTeX Info: Redefining \[ on input line 2950.
LaTeX Info: Redefining \] on input line 2951.
) (/usr/share/texlive/texmf-dist/tex/latex/amscls/amsthm.sty
Package: amsthm 2020/05/29 v2.20.6
\thm@style=\toks29
\thm@bodyfont=\toks30
\thm@headfont=\toks31
\thm@notefont=\toks32
\thm@headpunct=\toks33
\thm@preskip=\skip77
\thm@postskip=\skip78
\thm@headsep=\skip79
\dth@everypar=\toks34
) (/usr/share/texlive/texmf-dist/tex/latex/graphics/graphicx.sty
Package: graphicx 2024/12/31 v1.2e Enhanced LaTeX Graphics (DPC,SPQR)
 (/usr/share/texlive/texmf-dist/tex/latex/graphics/graphics.sty
Package: graphics 2024/08/06 v1.4g Standard LaTeX Graphics (DPC,SPQR)
 (/usr/share/texlive/texmf-dist/tex/latex/graphics/trig.sty
Package: trig 2023/12/02 v1.11 sin cos tan (DPC)
) (/usr/share/texlive/texmf-dist/tex/latex/graphics-cfg/graphics.cfg
File: graphics.cfg 2016/06/04 v1.11 sample graphics configuration
)
Package graphics Info: Driver file: pdftex.def on input line 106.
 (/usr/share/texlive/texmf-dist/tex/latex/graphics-def/pdftex.def
File: pdftex.def 2025/09/29 v1.2d Graphics/color driver for pdftex
))
\Gin@req@height=\dimen160
\Gin@req@width=\dimen161
) (/usr/share/texlive/texmf-dist/tex/latex/tools/indentfirst.sty
Package: indentfirst 2023/07/02 v1.03 Indent first paragraph (DPC)
) (/usr/share/texlive/texmf-dist/tex/latex/float/float.sty
Package: float 2001/11/08 v1.3d Float enhancements (AL)
\c@float@type=\count433
\float@exts=\toks35
\float@box=\box56
\@float@everytoks=\toks36
\@floatcapt=\box57
) (/usr/share/texlive/texmf-dist/tex/latex/hyperref/hyperref.sty
Package: hyperref 2025-07-12 v7.01o Hypertext links for LaTeX
 (/usr/share/texlive/texmf-dist/tex/generic/kvdefinekeys/kvdefinekeys.sty
Package: kvdefinekeys 2019-12-19 v1.6 Define keys (HO)
) (/usr/share/texlive/texmf-dist/tex/generic/pdfescape/pdfescape.sty
Package: pdfescape 2019/12/09 v1.15 Implements pdfTeX's escape features (HO)
) (/usr/share/texlive/texmf-dist/tex/latex/hycolor/hycolor.sty
Package: hycolor 2020-01-27 v1.10 Color options for hyperref/bookmark (HO)
) (/usr/share/texlive/texmf-dist/tex/latex/hyperref/nameref.sty
Package: nameref 2025-06-21 v2.57 Cross-referencing by name of section
 (/usr/share/texlive/texmf-dist/tex/latex/refcount/refcount.sty
Package: refcount 2019/12/15 v3.6 Data extraction from label references (HO)
) (/usr/share/texlive/texmf-dist/tex/generic/gettitlestring/gettitlestring.sty
Package: gettitlestring 2019/12/15 v1.6 Cleanup title references (HO)
)
\c@section@level=\count434
) (/usr/share/texlive/texmf-dist/tex/generic/stringenc/stringenc.sty
Package: stringenc 2019/11/29 v1.12 Convert strings between diff. encodings (HO)
)
\@linkdim=\dimen162
\Hy@linkcounter=\count435
\Hy@pagecounter=\count436
 (/usr/share/texlive/texmf-dist/tex/latex/hyperref/pd1enc.def
File: pd1enc.def 2025-07-12 v7.01o Hyperref: PDFDocEncoding definition (HO)
Now handling font encoding PD1 ...
... no UTF-8 mapping file for font encoding PD1
) (/usr/share/texlive/texmf-dist/tex/generic/intcalc/intcalc.sty
Package: intcalc 2019/12/15 v1.3 Expandable calculations with integers (HO)
)
\Hy@SavedSpaceFactor=\count437
 (/usr/share/texlive/texmf-dist/tex/latex/hyperref/puenc.def
File: puenc.def 2025-07-12 v7.01o Hyperref: PDF Unicode definition (HO)
Now handling font encoding PU ...
... no UTF-8 mapping file for font encoding PU
)
Package hyperref Info: Hyper figures OFF on input line 4195.
Package hyperref Info: Link nesting OFF on input line 4200.
Package hyperref Info: Hyper index ON on input line 4203.
Package hyperref Info: Plain pages OFF on input line 4210.
Package hyperref Info: Backreferencing OFF on input line 4215.
Package hyperref Info: Implicit mode ON; LaTeX internals redefined.
Package hyperref Info: Bookmarks ON on input line 4462.
\c@Hy@tempcnt=\count438
LaTeX Info: Redefining \url on input line 4801.
\XeTeXLinkMargin=\dimen163
 (/usr/share/texlive/texmf-dist/tex/generic/bitset/bitset.sty
Package: bitset 2019/12/09 v1.3 Handle bit-vector datatype (HO)
 (/usr/share/texlive/texmf-dist/tex/generic/bigintcalc/bigintcalc.sty
Package: bigintcalc 2019/12/15 v1.5 Expandable calculations on big integers (HO)
))
\Fld@menulength=\count439
\Field@Width=\dimen164
\Fld@charsize=\dimen165
Package hyperref Info: Hyper figures OFF on input line 6078.
Package hyperref Info: Link nesting OFF on input line 6083.
Package hyperref Info: Hyper index ON on input line 6086.
Package hyperref Info: backreferencing OFF on input line 6093.
Package hyperref Info: Link coloring OFF on input line 6098.
Package hyperref Info: Link coloring with OCG OFF on input line 6103.
Package hyperref Info: PDF/A mode OFF on input line 6108.
\Hy@abspage=\count440
\c@Item=\count441
\c@Hfootnote=\count442
)
Package hyperref Info: Driver (autodetected): hpdftex.
 (/usr/share/texlive/texmf-dist/tex/latex/hyperref/hpdftex.def
File: hpdftex.def 2025-07-12 v7.01o Hyperref driver for pdfTeX
\Fld@listcount=\count443
\c@bookmark@seq@number=\count444
 (/usr/share/texlive/texmf-dist/tex/latex/rerunfilecheck/rerunfilecheck.sty
Package: rerunfilecheck 2025-06-21 v1.11 Rerun checks for auxiliary files (HO)
 (/usr/share/texlive/texmf-dist/tex/generic/uniquecounter/uniquecounter.sty
Package: uniquecounter 2019/12/15 v1.4 Provide unlimited unique counter (HO)
)
Package uniquecounter Info: New unique counter `rerunfilecheck' on input line 284.
)
\Hy@SectionHShift=\skip80
) (/usr/share/texlive/texmf-dist/tex/latex/booktabs/booktabs.sty
Package: booktabs 2020/01/12 v1.61803398 Publication quality tables
\heavyrulewidth=\dimen166
\lightrulewidth=\dimen167
\cmidrulewidth=\dimen168
\belowrulesep=\dimen169
\belowbottomsep=\dimen170
\aboverulesep=\dimen171
\abovetopsep=\dimen172
\cmidrulesep=\dimen173
\cmidrulekern=\dimen174
\defaultaddspace=\dimen175
\@cmidla=\count445
\@cmidlb=\count446
\@aboverulesep=\dimen176
\@belowrulesep=\dimen177
\@thisruleclass=\count447
\@lastruleclass=\count448
\@thisrulewidth=\dimen178
) (/usr/share/texlive/texmf-dist/tex/latex/caption/caption.sty
Package: caption 2023/08/05 v3.6o Customizing captions (AR)
 (/usr/share/texlive/texmf-dist/tex/latex/caption/caption3.sty
Package: caption3 2023/07/31 v2.4d caption3 kernel (AR)
\caption@tempdima=\dimen179
\captionmargin=\dimen180
\caption@leftmargin=\dimen181
\caption@rightmargin=\dimen182
\caption@width=\dimen183
\caption@indent=\dimen184
\caption@parindent=\dimen185
\caption@hangindent=\dimen186
Package caption Info: Standard document class detected.
)
\c@caption@flags=\count449
\c@continuedfloat=\count450
Package caption Info: float package is loaded.
Package caption Info: hyperref package is loaded.
) (/usr/share/texlive/texmf-dist/tex/latex/algorithms/algorithm.sty
Package: algorithm 2009/08/24 v0.1 Document Style `algorithm' - floating environment
\@float@every@algorithm=\toks37
\c@algorithm=\count451
) (/usr/share/texlive/texmf-dist/tex/latex/algorithmicx/algpseudocode.sty
Package: algpseudocode 
 (/usr/share/texlive/texmf-dist/tex/latex/algorithmicx/algorithmicx.sty
Package: algorithmicx 2005/04/27 v1.2 Algorithmicx

Document Style algorithmicx 1.2 - a greatly improved `algorithmic' style
\c@ALG@line=\count452
\c@ALG@rem=\count453
\c@ALG@nested=\count454
\ALG@tlm=\skip81
\ALG@thistlm=\skip82
\c@ALG@Lnr=\count455
\c@ALG@blocknr=\count456
\c@ALG@storecount=\count457
\c@ALG@tmpcounter=\count458
\ALG@tmplength=\skip83
)
Document Style - pseudocode environments for use with the `algorithmicx' style
) (/usr/share/texlive/texmf-dist/tex/latex/multirow/multirow.sty
Package: multirow 2024/11/12 v2.9 Span multiple rows of a table
\multirow@colwidth=\skip84
\multirow@cntb=\count459
\multirow@dima=\skip85
\bigstrutjot=\dimen187
) (/usr/share/texlive/texmf-dist/tex/latex/enumitem/enumitem.sty
Package: enumitem 2025/02/06 v3.11 Customized lists
\labelindent=\skip86
\enit@outerparindent=\dimen188
\enit@toks=\toks38
\enit@inbox=\box58
\enit@count@id=\count460
\enitdp@description=\count461
) (/usr/share/texlive/texmf-dist/tex/latex/geometry/geometry.sty
Package: geometry 2020/01/02 v5.9 Page Geometry
 (/usr/share/texlive/texmf-dist/tex/generic/iftex/ifvtex.sty
Package: ifvtex 2019/10/25 v1.7 ifvtex legacy package. Use iftex instead.
)
\Gm@cnth=\count462
\Gm@cntv=\count463
\c@Gm@tempcnt=\count464
\Gm@bindingoffset=\dimen189
\Gm@wd@mp=\dimen190
\Gm@odd@mp=\dimen191
\Gm@even@mp=\dimen192
\Gm@layoutwidth=\dimen193
\Gm@layoutheight=\dimen194
\Gm@layouthoffset=\dimen195
\Gm@layoutvoffset=\dimen196
\Gm@dimlist=\toks39
) (/usr/share/texlive/texmf-dist/tex/latex/setspace/setspace.sty
Package: setspace 2022/12/04 v6.7b set line spacing
)
\c@observation=\count465
\c@definition=\count466
\c@proposition=\count467
\c@example=\count468
Package csquotes Info: Checking for multilingual support...
Package csquotes Info: ... found 'babel' package.
Package csquotes Info: Adjusting default style.
Package csquotes Info: Redefining alias 'default' -> 'brazil'.
LaTeX Font Info:    Trying to load font information for T1+ptm on input line 41.
 (/usr/share/texlive/texmf-dist/tex/latex/psnfss/t1ptm.fd
File: t1ptm.fd 2001/06/04 font definitions for T1/ptm.
) (./relatorio.aux
Package babel Info: 'brazil' activates 'portuges' shorthands.
(babel)             Reported on input line 9.
)
\openout1 = `relatorio.aux'.

LaTeX Font Info:    Checking defaults for OML/cmm/m/it on input line 41.
LaTeX Font Info:    ... okay on input line 41.
LaTeX Font Info:    Checking defaults for OMS/cmsy/m/n on input line 41.
LaTeX Font Info:    ... okay on input line 41.
LaTeX Font Info:    Checking defaults for OT1/cmr/m/n on input line 41.
LaTeX Font Info:    ... okay on input line 41.
LaTeX Font Info:    Checking defaults for T1/cmr/m/n on input line 41.
LaTeX Font Info:    ... okay on input line 41.
LaTeX Font Info:    Checking defaults for TS1/cmr/m/n on input line 41.
LaTeX Font Info:    ... okay on input line 41.
LaTeX Font Info:    Checking defaults for OMX/cmex/m/n on input line 41.
LaTeX Font Info:    ... okay on input line 41.
LaTeX Font Info:    Checking defaults for U/cmr/m/n on input line 41.
LaTeX Font Info:    ... okay on input line 41.
LaTeX Font Info:    Checking defaults for PD1/pdf/m/n on input line 41.
LaTeX Font Info:    ... okay on input line 41.
LaTeX Font Info:    Checking defaults for PU/pdf/m/n on input line 41.
LaTeX Font Info:    ... okay on input line 41.
LaTeX Info: Redefining \microtypecontext on input line 41.
Package microtype Info: Applying patch `item' on input line 41.
Package microtype Info: Applying patch `toc' on input line 41.
Package microtype Info: Applying patch `eqnum' on input line 41.


Package microtype Warning: Unable to apply patch `footnote' on input line 41.

Package microtype Info: Applying patch `verbatim' on input line 41.
LaTeX Info: Redefining \microtypesetup on input line 41.
Package microtype Info: Generating PDF output.
Package microtype Info: Character protrusion enabled (level 2).
Package microtype Info: Using default protrusion set `alltext'.
Package microtype Info: Automatic font expansion enabled (level 2),
(microtype)             stretch: 20, shrink: 20, step: 1, non-selected.
Package microtype Info: Using default expansion set `alltext-nott'.
Package microtype Info: Patching command `\showhyphens'.
Package microtype Info: No adjustment of tracking.
Package microtype Info: No adjustment of interword spacing.
Package microtype Info: No adjustment of character kerning.
(/usr/share/texlive/texmf-dist/tex/latex/microtype/mt-ptm.cfg
File: mt-ptm.cfg 2006/04/20 v1.7 microtype config. file: Times (RS)
)
Package biblatex Info: Trying to load language 'brazil'...
Package biblatex Info: ... file 'brazil.lbx' found.
 (/usr/share/texlive/texmf-dist/tex/latex/biblatex/lbx/brazil.lbx
File: brazil.lbx 2025/07/10 v3.21 biblatex localization (PK/MW)
Package biblatex Info: Trying to load language 'brazilian'...
Package biblatex Info: ... file 'brazilian.lbx' found.
 (/usr/share/texlive/texmf-dist/tex/latex/biblatex/lbx/brazilian.lbx
File: brazilian.lbx 2025/07/10 v3.21 biblatex localization (PK/MW)
)
Package biblatex Info: Trying to load language 'brazilian'...
Package biblatex Info: ... file 'brazilian.lbx' found.
 (/usr/share/texlive/texmf-dist/tex/latex/biblatex/lbx/brazilian.lbx
File: brazilian.lbx 2025/07/10 v3.21 biblatex localization (PK/MW)
))
Package biblatex Info: Input encoding 'utf8' detected.
Package biblatex Info: Automatic encoding selection.
(biblatex)             Assuming data encoding 'utf8'.
\openout3 = `relatorio.bcf'.

Package biblatex Info: Trying to load bibliographic data...
Package biblatex Info: ... file 'relatorio.bbl' found.
 (./relatorio.bbl)
Package biblatex Info: Reference section=0 on input line 41.
Package biblatex Info: Reference segment=0 on input line 41.
 (/usr/share/texlive/texmf-dist/tex/context/base/mkii/supp-pdf.mkii
[Loading MPS to PDF converter (version 2006.09.02).]
\scratchcounter=\count469
\scratchdimen=\dimen197
\scratchbox=\box59
\nofMPsegments=\count470
\nofMParguments=\count471
\everyMPshowfont=\toks40
\MPscratchCnt=\count472
\MPscratchDim=\dimen198
\MPnumerator=\count473
\makeMPintoPDFobject=\count474
\everyMPtoPDFconversion=\toks41
) (/usr/share/texlive/texmf-dist/tex/latex/epstopdf-pkg/epstopdf-base.sty
Package: epstopdf-base 2020-01-24 v2.11 Base part for package epstopdf
Package epstopdf-base Info: Redefining graphics rule for `.eps' on input line 485.
 (/usr/share/texlive/texmf-dist/tex/latex/latexconfig/epstopdf-sys.cfg
File: epstopdf-sys.cfg 2010/07/13 v1.3 Configuration of (r)epstopdf for TeX Live
))
Package hyperref Info: Link coloring OFF on input line 41.
 (./relatorio.out) (./relatorio.out)
\@outlinefile=\write4
\openout4 = `relatorio.out'.

Package caption Info: Begin \AtBeginDocument code.
Package caption Info: End \AtBeginDocument code.

*geometry* driver: auto-detecting
*geometry* detected driver: pdftex
*geometry* verbose mode - [ preamble ] result:
* driver: pdftex
* paper: <default>
* layout: <same size as paper>
* layoutoffset:(h,v)=(0.0pt,0.0pt)
* modes: 
* h-part:(L,W,R)=(85.35826pt, 486.25761pt, 42.67912pt)
* v-part:(T,H,B)=(85.35826pt, 652.70622pt, 56.9055pt)
* \paperwidth=614.295pt
* \paperheight=794.96999pt
* \textwidth=486.25761pt
* \textheight=652.70622pt
* \oddsidemargin=13.08827pt
* \evensidemargin=13.08827pt
* \topmargin=-23.91173pt
* \headheight=12.0pt
* \headsep=25.0pt
* \topskip=12.0pt
* \footskip=30.0pt
* \marginparwidth=44.0pt
* \marginparsep=10.0pt
* \columnsep=10.0pt
* \skip\footins=10.8pt plus 4.0pt minus 2.0pt
* \hoffset=0.0pt
* \voffset=0.0pt
* \mag=1000
* \@twocolumnfalse
* \@twosidefalse
* \@mparswitchfalse
* \@reversemarginfalse
* (1in=72.27pt=25.4mm, 1cm=28.453pt)

(/usr/share/texlive/texmf-dist/tex/latex/microtype/mt-cmr.cfg
File: mt-cmr.cfg 2013/05/19 v2.2 microtype config. file: Computer Modern Roman (RS)
)
LaTeX Font Info:    Trying to load font information for U+msa on input line 73.
 (/usr/share/texlive/texmf-dist/tex/latex/amsfonts/umsa.fd
File: umsa.fd 2013/01/14 v3.01 AMS symbols A
) (/usr/share/texlive/texmf-dist/tex/latex/microtype/mt-msa.cfg
File: mt-msa.cfg 2006/02/04 v1.1 microtype config. file: AMS symbols (a) (RS)
)
LaTeX Font Info:    Trying to load font information for U+msb on input line 73.
 (/usr/share/texlive/texmf-dist/tex/latex/amsfonts/umsb.fd
File: umsb.fd 2013/01/14 v3.01 AMS symbols B
) (/usr/share/texlive/texmf-dist/tex/latex/microtype/mt-msb.cfg
File: mt-msb.cfg 2005/06/01 v1.0 microtype config. file: AMS symbols (b) (RS)
) [1

{/var/lib/texmf/fonts/map/pdftex/updmap/pdftex.map}{/usr/share/texlive/texmf-dist/fonts/enc/dvips/base/8r.enc}] (./relatorio.toc)
\tf@toc=\write5
\openout5 = `relatorio.toc'.

 [2] [3]
Package hyperref Info: bookmark level for unknown algorithm defaults to 0 on input line 114.
 [4]
LaTeX Font Info:    Trying to load font information for T1+pcr on input line 167.
 (/usr/share/texlive/texmf-dist/tex/latex/psnfss/t1pcr.fd
File: t1pcr.fd 2001/06/04 font definitions for T1/pcr.
)
Package microtype Info: Loading generic protrusion settings for font family
(microtype)             `pcr' (encoding: T1).
(microtype)             For optimal results, create family-specific settings.
(microtype)             See the microtype manual for details.
 [5] [6] [7] [8] [9]

Package hyperref Warning: Token not allowed in a PDF string (Unicode):
(hyperref)                removing `math shift' on input line 365.


Package hyperref Warning: Token not allowed in a PDF string (Unicode):
(hyperref)                removing `\ell' on input line 365.


Package hyperref Warning: Token not allowed in a PDF string (Unicode):
(hyperref)                removing `subscript' on input line 365.


Package hyperref Warning: Token not allowed in a PDF string (Unicode):
(hyperref)                removing `math shift' on input line 365.

[10] [11] [12] [13] [14] [15] [16] [17] [18]
Overfull \hbox (29.72397pt too wide) in paragraph at lines 656--656
\T1/pcr/m/n/12 science / article / B6TVK -[] 46JYGGT -[] GH / 2 / f85f57585ec9af00a1a088d0b8e6d452$[]\T1/ptm/m/n/12 (-20) . 
 []

[19]
<tamanho_passo_semreg.png, id=388, 731.3724pt x 395.3169pt>
File: tamanho_passo_semreg.png Graphic file (type png)
<use tamanho_passo_semreg.png>
Package pdftex.def Info: tamanho_passo_semreg.png  used on input line 736.
(pdftex.def)             Requested size: 389.00757pt x 210.27095pt.
 [20]
<conv_iter_sreg.png, id=400, 619.3539pt x 396.0396pt>
File: conv_iter_sreg.png Graphic file (type png)
<use conv_iter_sreg.png>
Package pdftex.def Info: conv_iter_sreg.png  used on input line 743.
(pdftex.def)             Requested size: 389.00757pt x 248.74483pt.
<conv_tempo_sreg.png, id=401, 619.3539pt x 396.0396pt>
File: conv_tempo_sreg.png Graphic file (type png)
<use conv_tempo_sreg.png>
Package pdftex.def Info: conv_tempo_sreg.png  used on input line 750.
(pdftex.def)             Requested size: 389.00757pt x 248.74483pt.
 [21 <./tamanho_passo_semreg.png> <./conv_iter_sreg.png>]
<reconstrucao_200_iter.png, id=408, 1438.173pt x 1191.7323pt>
File: reconstrucao_200_iter.png Graphic file (type png)
<use reconstrucao_200_iter.png>
Package pdftex.def Info: reconstrucao_200_iter.png  used on input line 757.
(pdftex.def)             Requested size: 486.25761pt x 402.92877pt.
 [22 <./conv_tempo_sreg.png>]
<reconstrucao_nesterov.png, id=414, 1438.173pt x 763.8939pt>
File: reconstrucao_nesterov.png Graphic file (type png)
<use reconstrucao_nesterov.png>
Package pdftex.def Info: reconstrucao_nesterov.png  used on input line 764.
(pdftex.def)             Requested size: 486.25761pt x 258.27513pt.
 [23 <./reconstrucao_200_iter.png>]
<reconstrucao_nest_gc.png, id=420, 1438.173pt x 763.8939pt>
File: reconstrucao_nest_gc.png Graphic file (type png)
<use reconstrucao_nest_gc.png>
Package pdftex.def Info: reconstrucao_nest_gc.png  used on input line 771.
(pdftex.def)             Requested size: 486.25761pt x 258.27513pt.
<grid_gamma_wav.png, id=421, 712.5822pt x 426.393pt>
File: grid_gamma_wav.png Graphic file (type png)
<use grid_gamma_wav.png>
Package pdftex.def Info: grid_gamma_wav.png  used on input line 781.
(pdftex.def)             Requested size: 389.00757pt x 232.7732pt.
 [24 <./reconstrucao_nesterov.png> <./reconstrucao_nest_gc.png>]
<f_fstar1.png, id=429, 1003.8303pt x 354.123pt>
File: f_fstar1.png Graphic file (type png)
<use f_fstar1.png>
Package pdftex.def Info: f_fstar1.png  used on input line 789.
(pdftex.def)             Requested size: 486.25761pt x 171.5387pt.
<fk1_fk.png, id=430, 859.2903pt x 426.393pt>
File: fk1_fk.png Graphic file (type png)
<use fk1_fk.png>
Package pdftex.def Info: fk1_fk.png  used on input line 796.
(pdftex.def)             Requested size: 486.25761pt x 241.28984pt.
 [25 <./grid_gamma_wav.png> <./f_fstar1.png>]
<tamanho_passo_creg.png, id=438, 1727.253pt x 860.013pt>
File: tamanho_passo_creg.png Graphic file (type png)
<use tamanho_passo_creg.png>
Package pdftex.def Info: tamanho_passo_creg.png  used on input line 803.
(pdftex.def)             Requested size: 389.00757pt x 193.6914pt.
<testes1_creg.png, id=439, 1076.1003pt x 1799.523pt>
File: testes1_creg.png Graphic file (type png)
<use testes1_creg.png>
Package pdftex.def Info: testes1_creg.png  used on input line 810.
(pdftex.def)             Requested size: 389.00757pt x 650.51872pt.
 [26 <./fk1_fk.png> <./tamanho_passo_creg.png>]
Overfull \vbox (22.31248pt too high) has occurred while \output is active []

 [27 <./testes1_creg.png>]
<testes2_creg.png, id=451, 1438.173pt x 2160.873pt>
File: testes2_creg.png Graphic file (type png)
<use testes2_creg.png>
Package pdftex.def Info: testes2_creg.png  used on input line 817.
(pdftex.def)             Requested size: 389.00757pt x 584.46565pt.
<grid_tv.png, id=452, 712.5822pt x 426.393pt>
File: grid_tv.png Graphic file (type png)
<use grid_tv.png>
Package pdftex.def Info: grid_tv.png  used on input line 838.
(pdftex.def)             Requested size: 389.00757pt x 232.7732pt.
 [28 <./testes2_creg.png>]
<decaimento_iter_otimo_tv.png, id=458, 1003.1076pt x 354.123pt>
File: decaimento_iter_otimo_tv.png Graphic file (type png)
<use decaimento_iter_otimo_tv.png>
Package pdftex.def Info: decaimento_iter_otimo_tv.png  used on input line 845.
(pdftex.def)             Requested size: 486.25761pt x 171.66298pt.
<decaimento_iters_tv.png, id=459, 859.2903pt x 426.393pt>
File: decaimento_iters_tv.png Graphic file (type png)
<use decaimento_iters_tv.png>
Package pdftex.def Info: decaimento_iters_tv.png  used on input line 852.
(pdftex.def)             Requested size: 486.25761pt x 241.28984pt.
 [29 <./grid_tv.png> <./decaimento_iter_otimo_tv.png>]
<comp_gammas_tv.png, id=466, 1076.1003pt x 1437.4503pt>
File: comp_gammas_tv.png Graphic file (type png)
<use comp_gammas_tv.png>
Package pdftex.def Info: comp_gammas_tv.png  used on input line 859.
(pdftex.def)             Requested size: 389.00757pt x 519.63123pt.
 [30 <./decaimento_iters_tv.png>]
<iterados_gamma_tv.png, id=472, 1076.1003pt x 1438.173pt>
File: iterados_gamma_tv.png Graphic file (type png)
<use iterados_gamma_tv.png>
Package pdftex.def Info: iterados_gamma_tv.png  used on input line 866.
(pdftex.def)             Requested size: 389.00757pt x 519.89247pt.
 [31 <./comp_gammas_tv.png>]
<comp_wav_tv.png, id=479, 1233.6489pt x 715.473pt>
File: comp_wav_tv.png Graphic file (type png)
<use comp_wav_tv.png>
Package pdftex.def Info: comp_wav_tv.png  used on input line 873.
(pdftex.def)             Requested size: 486.25761pt x 282.01375pt.
 [32 <./iterados_gamma_tv.png>]
<figuras_sem_reg/conv_iter_exp1.png, id=485, 619.3539pt x 396.0396pt>
File: figuras_sem_reg/conv_iter_exp1.png Graphic file (type png)
<use figuras_sem_reg/conv_iter_exp1.png>
Package pdftex.def Info: figuras_sem_reg/conv_iter_exp1.png  used on input line 882.
(pdftex.def)             Requested size: 389.00757pt x 248.74483pt.
<figuras_sem_reg/conv_temp_exp1.png, id=486, 620.7993pt x 396.0396pt>
File: figuras_sem_reg/conv_temp_exp1.png Graphic file (type png)
<use figuras_sem_reg/conv_temp_exp1.png>
Package pdftex.def Info: figuras_sem_reg/conv_temp_exp1.png  used on input line 889.
(pdftex.def)             Requested size: 389.00757pt x 248.17075pt.
 [33 <./comp_wav_tv.png> <./figuras_sem_reg/conv_iter_exp1.png>]
<figuras_sem_reg/psnr_melhor_img_exp1.png, id=493, 1347.1128pt x 1293.633pt>
File: figuras_sem_reg/psnr_melhor_img_exp1.png Graphic file (type png)
<use figuras_sem_reg/psnr_melhor_img_exp1.png>
Package pdftex.def Info: figuras_sem_reg/psnr_melhor_img_exp1.png  used on input line 896.
(pdftex.def)             Requested size: 486.25761pt x 466.9511pt.
 [34 <./figuras_sem_reg/conv_temp_exp1.png>]
<figuras_sem_reg/conv_iter_exp2.png, id=499, 619.3539pt x 396.0396pt>
File: figuras_sem_reg/conv_iter_exp2.png Graphic file (type png)
<use figuras_sem_reg/conv_iter_exp2.png>
Package pdftex.def Info: figuras_sem_reg/conv_iter_exp2.png  used on input line 903.
(pdftex.def)             Requested size: 437.62888pt x 279.83643pt.
 [35 <./figuras_sem_reg/psnr_melhor_img_exp1.png>]
<figuras_sem_reg/conv_temp_exp2.png, id=505, 619.3539pt x 396.0396pt>
File: figuras_sem_reg/conv_temp_exp2.png Graphic file (type png)
<use figuras_sem_reg/conv_temp_exp2.png>
Package pdftex.def Info: figuras_sem_reg/conv_temp_exp2.png  used on input line 910.
(pdftex.def)             Requested size: 437.62888pt x 279.83643pt.
<figuras_sem_reg/melhor_psnr_exp2.png, id=506, 1347.1128pt x 1293.633pt>
File: figuras_sem_reg/melhor_psnr_exp2.png Graphic file (type png)
<use figuras_sem_reg/melhor_psnr_exp2.png>
Package pdftex.def Info: figuras_sem_reg/melhor_psnr_exp2.png  used on input line 917.
(pdftex.def)             Requested size: 486.25761pt x 466.9511pt.
 [36 <./figuras_sem_reg/conv_iter_exp2.png> <./figuras_sem_reg/conv_temp_exp2.png>]
<figuras_sem_reg/imgs_psnr_buscaexata_conjugado1.png, id=513, 1356.5079pt x 859.2903pt>
File: figuras_sem_reg/imgs_psnr_buscaexata_conjugado1.png Graphic file (type png)
<use figuras_sem_reg/imgs_psnr_buscaexata_conjugado1.png>
Package pdftex.def Info: figuras_sem_reg/imgs_psnr_buscaexata_conjugado1.png  used on input line 924.
(pdftex.def)             Requested size: 486.25761pt x 308.01999pt.
 [37 <./figuras_sem_reg/melhor_psnr_exp2.png>]
<figuras_sem_reg/imgs_psnr_buscaexata_conjugado_exp2.png, id=520, 1356.5079pt x 859.2903pt>
File: figuras_sem_reg/imgs_psnr_buscaexata_conjugado_exp2.png Graphic file (type png)
<use figuras_sem_reg/imgs_psnr_buscaexata_conjugado_exp2.png>
Package pdftex.def Info: figuras_sem_reg/imgs_psnr_buscaexata_conjugado_exp2.png  used on input line 931.
(pdftex.def)             Requested size: 486.25761pt x 308.01999pt.
 [38 <./figuras_sem_reg/imgs_psnr_buscaexata_conjugado1.png>]
<figuras_wav/grid_gamma.png, id=526, 711.1368pt x 426.393pt>
File: figuras_wav/grid_gamma.png Graphic file (type png)
<use figuras_wav/grid_gamma.png>
Package pdftex.def Info: figuras_wav/grid_gamma.png  used on input line 940.
(pdftex.def)             Requested size: 437.62888pt x 262.40254pt.
 [39 <./figuras_sem_reg/imgs_psnr_buscaexata_conjugado_exp2.png>]
<figuras_wav/diff_iterados.png, id=532, 509.5035pt x 352.6776pt>
File: figuras_wav/diff_iterados.png Graphic file (type png)
<use figuras_wav/diff_iterados.png>
Package pdftex.def Info: figuras_wav/diff_iterados.png  used on input line 947.
(pdftex.def)             Requested size: 389.00757pt x 269.2701pt.
<figuras_wav/diff_valor_funcao_otimo_temp_e_iter.png, id=533, 1004.553pt x 354.123pt>
File: figuras_wav/diff_valor_funcao_otimo_temp_e_iter.png Graphic file (type png)
<use figuras_wav/diff_valor_funcao_otimo_temp_e_iter.png>
Package pdftex.def Info: figuras_wav/diff_valor_funcao_otimo_temp_e_iter.png  used on input line 954.
(pdftex.def)             Requested size: 486.25761pt x 171.41441pt.
 [40 <./figuras_wav/grid_gamma.png> <./figuras_wav/diff_iterados.png>]
<figuras_wav/evolucao_psnr_e_tempo_psnr_max.png, id=540, 1004.553pt x 426.393pt>
File: figuras_wav/evolucao_psnr_e_tempo_psnr_max.png Graphic file (type png)
<use figuras_wav/evolucao_psnr_e_tempo_psnr_max.png>
Package pdftex.def Info: figuras_wav/evolucao_psnr_e_tempo_psnr_max.png  used on input line 961.
(pdftex.def)             Requested size: 486.25761pt x 206.39696pt.
<figuras_wav/melhores_reconstrucoes.png, id=541, 2137.0239pt x 1083.3273pt>
File: figuras_wav/melhores_reconstrucoes.png Graphic file (type png)
<use figuras_wav/melhores_reconstrucoes.png>
Package pdftex.def Info: figuras_wav/melhores_reconstrucoes.png  used on input line 968.
(pdftex.def)             Requested size: 486.25761pt x 246.49867pt.
 [41 <./figuras_wav/diff_valor_funcao_otimo_temp_e_iter.png> <./figuras_wav/evolucao_psnr_e_tempo_psnr_max.png>]
<figuras_tv/grid_search.png, id=548, 711.1368pt x 426.393pt>
File: figuras_tv/grid_search.png Graphic file (type png)
<use figuras_tv/grid_search.png>
Package pdftex.def Info: figuras_tv/grid_search.png  used on input line 975.
(pdftex.def)             Requested size: 437.62888pt x 262.40254pt.
<figuras_tv/diff_iters_estabilidade.png, id=549, 505.89pt x 354.123pt>
File: figuras_tv/diff_iters_estabilidade.png Graphic file (type png)
<use figuras_tv/diff_iters_estabilidade.png>
Package pdftex.def Info: figuras_tv/diff_iters_estabilidade.png  used on input line 982.
(pdftex.def)             Requested size: 389.00757pt x 272.3081pt.
 [42 <./figuras_wav/melhores_reconstrucoes.png> <./figuras_tv/grid_search.png>]
<figuras_tv/fxk_fstar_tempo_e_iter.png, id=556, 1004.553pt x 354.123pt>
File: figuras_tv/fxk_fstar_tempo_e_iter.png Graphic file (type png)
<use figuras_tv/fxk_fstar_tempo_e_iter.png>
Package pdftex.def Info: figuras_tv/fxk_fstar_tempo_e_iter.png  used on input line 989.
(pdftex.def)             Requested size: 486.25761pt x 171.41441pt.
<figuras_tv/evolucao_psnr.png, id=557, 1004.553pt x 426.393pt>
File: figuras_tv/evolucao_psnr.png Graphic file (type png)
<use figuras_tv/evolucao_psnr.png>
Package pdftex.def Info: figuras_tv/evolucao_psnr.png  used on input line 996.
(pdftex.def)             Requested size: 486.25761pt x 206.39696pt.
 [43 <./figuras_tv/diff_iters_estabilidade.png> <./figuras_tv/fxk_fstar_tempo_e_iter.png>]
<figuras_tv/melhores_reconstrucoes_minimizando_func.png, id=565, 2137.0239pt x 1083.3273pt>
File: figuras_tv/melhores_reconstrucoes_minimizando_func.png Graphic file (type png)
<use figuras_tv/melhores_reconstrucoes_minimizando_func.png>
Package pdftex.def Info: figuras_tv/melhores_reconstrucoes_minimizando_func.png  used on input line 1003.
(pdftex.def)             Requested size: 486.25761pt x 246.49867pt.
 [44 <./figuras_tv/evolucao_psnr.png> <./figuras_tv/melhores_reconstrucoes_minimizando_func.png>] (./relatorio.aux)
 ***********
LaTeX2e <2025-11-01>
L3 programming layer <2026-01-19>
 ***********
Package rerunfilecheck Info: File `relatorio.out' has not changed.
(rerunfilecheck)             Checksum: 8E0FDFCB27034A4B7A53B7B66D0FC8CA;5051.
Package logreq Info: Writing requests to 'relatorio.run.xml'.
\openout1 = `relatorio.run.xml'.

 ) 
Here is how much of TeX's memory you used:
 24682 strings out of 467533
 434541 string characters out of 5422138
 1308428 words of memory out of 5000000
 52765 multiletter control sequences out of 15000+600000
 715567 words of font info for 346 fonts, out of 8000000 for 9000
 1141 hyphenation exceptions out of 8191
 63i,13n,67p,1284b,1762s stack positions out of 10000i,1000n,20000p,200000b,200000s
</usr/share/texlive/texmf-dist/fonts/type1/public/amsfonts/cm/cmbx10.pfb></usr/share/texlive/texmf-dist/fonts/type1/public/amsfonts/cm/cmbx12.pfb></usr/share/texlive/texmf-dist/fonts/type1/public/amsfonts/cm/cmbx8.pfb></usr/share/texlive/texmf-dist/fonts/type1/public/amsfonts/cm/cmex10.pfb></usr/share/texlive/texmf-dist/fonts/type1/public/amsfonts/cm/cmmi10.pfb></usr/share/texlive/texmf-dist/fonts/type1/public/amsfonts/cm/cmmi12.pfb></usr/share/texlive/texmf-dist/fonts/type1/public/amsfonts/cm/cmmi6.pfb></usr/share/texlive/texmf-dist/fonts/type1/public/amsfonts/cm/cmmi7.pfb></usr/share/texlive/texmf-dist/fonts/type1/public/amsfonts/cm/cmmi8.pfb></usr/share/texlive/texmf-dist/fonts/type1/public/amsfonts/cm/cmr10.pfb></usr/share/texlive/texmf-dist/fonts/type1/public/amsfonts/cm/cmr12.pfb></usr/share/texlive/texmf-dist/fonts/type1/public/amsfonts/cm/cmr6.pfb></usr/share/texlive/texmf-dist/fonts/type1/public/amsfonts/cm/cmr7.pfb></usr/share/texlive/texmf-dist/fonts/type1/public/amsfonts/cm/cmr8.pfb></usr/share/texlive/texmf-dist/fonts/type1/public/amsfonts/cm/cmsy10.pfb></usr/share/texlive/texmf-dist/fonts/type1/public/amsfonts/cm/cmsy7.pfb></usr/share/texlive/texmf-dist/fonts/type1/public/amsfonts/cm/cmsy8.pfb></usr/share/texlive/texmf-dist/fonts/type1/public/amsfonts/symbols/msbm10.pfb></usr/share/texlive/texmf-dist/fonts/type1/urw/courier/ucrr8a.pfb></usr/share/texlive/texmf-dist/fonts/type1/urw/times/utmb8a.pfb></usr/share/texlive/texmf-dist/fonts/type1/urw/times/utmbi8a.pfb></usr/share/texlive/texmf-dist/fonts/type1/urw/times/utmr8a.pfb></usr/share/texlive/texmf-dist/fonts/type1/urw/times/utmri8a.pfb>
Output written on relatorio.pdf (44 pages, 15730104 bytes).
PDF statistics:
 708 PDF objects out of 1000 (max. 8388607)
 538 compressed objects within 6 object streams
 165 named destinations out of 1000 (max. 500000)
 77669 words of extra memory for PDF output out of 89155 (max. 10000000)

