\BOOKMARK [1][-]{section.1}{\376\377\000I\000n\000t\000r\000o\000d\000u\000\347\000\343\000o}{}% 1
\BOOKMARK [2][-]{subsection.1.1}{\376\377\000I\000S\000T\000A\000\040\000e\000\040\000F\000I\000S\000T\000A}{section.1}% 2
\BOOKMARK [1][-]{section.2}{\376\377\000M\000e\000t\000o\000d\000o\000l\000o\000g\000i\000a}{}% 3
\BOOKMARK [2][-]{subsection.2.1}{\376\377\000P\000r\000o\000b\000l\000e\000m\000a\000s\000\040\000s\000e\000m\000\040\000R\000e\000g\000u\000l\000a\000r\000i\000z\000a\000\347\000\343\000o}{section.2}% 4
\BOOKMARK [2][-]{subsection.2.2}{\376\377\000P\000r\000o\000b\000l\000e\000m\000a\000s\000\040\000c\000o\000m\000\040\000R\000e\000g\000u\000l\000a\000r\000i\000z\000a\000\347\000\343\000o}{section.2}% 5
\BOOKMARK [2][-]{subsection.2.3}{\376\377\000E\000s\000t\000i\000m\000a\000t\000i\000v\000a\000\040\000d\000a\000\040\000C\000o\000n\000s\000t\000a\000n\000t\000e\000\040\000d\000e\000\040\000L\000i\000p\000s\000c\000h\000i\000t\000z}{section.2}% 6
\BOOKMARK [2][-]{subsection.2.4}{\376\377\000O\000t\000i\000m\000i\000z\000a\000\347\000\343\000o\000\040\000C\000o\000m\000p\000u\000t\000a\000c\000i\000o\000n\000a\000l\000\040\000d\000a\000\040\000B\000u\000s\000c\000a\000\040\000L\000i\000n\000e\000a\000r\000\040\000E\000x\000a\000t\000a}{section.2}% 7
\BOOKMARK [1][-]{section.3}{\376\377\000R\000e\000s\000u\000l\000t\000a\000d\000o\000s}{}% 8
\BOOKMARK [2][-]{subsection.3.1}{\376\377\000P\000r\000o\000b\000l\000e\000m\000a\000s\000\040\000Q\000u\000a\000d\000r\000\341\000t\000i\000c\000o\000s\000\040\000\050\000S\000e\000m\000\040\000R\000e\000g\000u\000l\000a\000r\000i\000z\000a\000\347\000\343\000o\000\051}{section.3}% 9
\BOOKMARK [3][-]{subsubsection.3.1.1}{\376\377\000D\000e\000b\000l\000u\000r\000r\000i\000n\000g\000\040\000d\000e\000\040\000I\000m\000a\000g\000e\000n\000s}{subsection.3.1}% 10
\BOOKMARK [3][-]{subsubsection.3.1.2}{\376\377\000T\000o\000m\000o\000g\000r\000a\000f\000i\000a\000\040\000C\000o\000m\000p\000u\000t\000a\000d\000o\000r\000i\000z\000a\000d\000a}{subsection.3.1}% 11
\BOOKMARK [2][-]{subsection.3.2}{\376\377\000P\000r\000o\000b\000l\000e\000m\000a\000s\000\040\000R\000e\000g\000u\000l\000a\000r\000i\000z\000a\000d\000o\000s}{section.3}% 12
\BOOKMARK [3][-]{subsubsection.3.2.1}{\376\377\000R\000e\000g\000u\000l\000a\000r\000i\000z\000a\000\347\000\343\000o\000\040\000n\000o\000\040\000D\000o\000m\000\355\000n\000i\000o\000\040\000W\000a\000v\000e\000l\000e\000t\000\040\000\050\0001\000\051}{subsection.3.2}% 13
\BOOKMARK [3][-]{subsubsection.3.2.2}{\376\377\000R\000e\000g\000u\000l\000a\000r\000i\000z\000a\000\347\000\343\000o\000\040\000p\000o\000r\000\040\000V\000a\000r\000i\000a\000\347\000\343\000o\000\040\000T\000o\000t\000a\000l\000\040\000\050\000T\000V\000\051}{subsection.3.2}% 14
\BOOKMARK [3][-]{subsubsection.3.2.3}{\376\377\000C\000o\000m\000p\000a\000r\000a\000\347\000\343\000o\000\040\000d\000e\000\040\000R\000e\000c\000o\000n\000s\000t\000r\000u\000\347\000\343\000o\000:\000\040\000V\000a\000r\000i\000a\000\347\000\343\000o\000\040\000T\000o\000t\000a\000l\000\040\000v\000s\000.\000\040\000W\000a\000v\000e\000l\000e\000t\000s}{subsection.3.2}% 15
\BOOKMARK [1][-]{section.4}{\376\377\000C\000o\000n\000c\000l\000u\000s\000\343\000o}{}% 16
\BOOKMARK [1][-]{appendix.A}{\376\377\000F\000u\000n\000d\000a\000m\000e\000n\000t\000a\000\347\000\343\000o\000\040\000T\000e\000\363\000r\000i\000c\000a\000\040\000e\000\040\000D\000e\000f\000i\000n\000i\000\347\000\365\000e\000s\000\040\000B\000\341\000s\000i\000c\000a\000s}{}% 17
\BOOKMARK [1][-]{appendix.B}{\376\377\000G\000r\000\341\000f\000i\000c\000o\000s\000\040\000d\000o\000s\000\040\000A\000l\000g\000o\000r\000i\000t\000m\000o\000s}{}% 18
\BOOKMARK [2][-]{subsection.B.1}{\376\377\000M\000\351\000t\000o\000d\000o\000s\000\040\000s\000e\000m\000\040\000R\000e\000g\000u\000l\000a\000r\000i\000z\000a\000\347\000\343\000o}{appendix.B}% 19
\BOOKMARK [2][-]{subsection.B.2}{\376\377\000M\000\351\000t\000o\000d\000o\000s\000\040\000c\000o\000m\000\040\000R\000e\000g\000u\000l\000a\000r\000i\000z\000a\000\347\000\343\000o\000\040\000\050\000W\000a\000v\000e\000l\000e\000t\000s\000\040\000e\000\040\000T\000V\000\040\000e\000m\000\040\000I\000m\000a\000g\000e\000n\000s\000\051}{appendix.B}% 20
\BOOKMARK [2][-]{subsection.B.3}{\376\377\000G\000r\000\341\000f\000i\000c\000o\000s\000\040\000-\000\040\000T\000o\000m\000o\000g\000r\000a\000f\000i\000a\000\040\000C\000o\000m\000p\000u\000t\000a\000d\000o\000r\000i\000z\000a\000d\000a\000\040\000\050\000S\000e\000m\000\040\000R\000e\000g\000u\000l\000a\000r\000i\000z\000a\000\347\000\343\000o\000\051}{appendix.B}% 21
\BOOKMARK [2][-]{subsection.B.4}{\376\377\000G\000r\000\341\000f\000i\000c\000o\000s\000\040\000-\000\040\000T\000o\000m\000o\000g\000r\000a\000f\000i\000a\000\040\000C\000o\000m\000p\000u\000t\000a\000d\000o\000r\000i\000z\000a\000d\000a\000\040\000\050\000W\000a\000v\000e\000l\000e\000t\000s\000\040\000e\000\040\000V\000a\000r\000i\000a\000\347\000\343\000o\000\040\000T\000o\000t\000a\000l\000\051}{appendix.B}% 22
